// Jest Snapshot v1, https://goo.gl/fbAQLP

exports[`<Login /> should display errors on invalid mail and valid password pattern 1`] = `"<input class=\\"input is-small is-focused\\" type=\\"email\\" required=\\"\\" id=\\"login-1\\" name=\\"mail\\" value=\\"abc\\"><input class=\\"input is-small\\" type=\\"password\\" pattern=\\"^.*(?=.{8,})(?=.*[a-zA-Z])(?=.*\\\\d)(?=.*[!#$%&amp;? &quot;]).*$\\" required=\\"\\" id=\\"login-2\\" name=\\"password\\" value=\\"somePassword1!\\">"`;

exports[`<Login /> should display errors on valid mail and invalid password pattern 1`] = `"<input class=\\"input is-small is-focused\\" type=\\"email\\" required=\\"\\" id=\\"login-1\\" name=\\"mail\\" value=\\"a@b.de\\"><input class=\\"input is-small\\" type=\\"password\\" pattern=\\"^.*(?=.{8,})(?=.*[a-zA-Z])(?=.*\\\\d)(?=.*[!#$%&amp;? &quot;]).*$\\" required=\\"\\" id=\\"login-2\\" name=\\"password\\" value=\\"somelongerpassword\\">"`;

exports[`<Login /> should display errors on valid mail and short password 1`] = `"<input class=\\"input is-small is-focused\\" type=\\"email\\" required=\\"\\" id=\\"login-1\\" name=\\"mail\\" value=\\"a@b.de\\"><input class=\\"input is-small\\" type=\\"password\\" pattern=\\"^.*(?=.{8,})(?=.*[a-zA-Z])(?=.*\\\\d)(?=.*[!#$%&amp;? &quot;]).*$\\" required=\\"\\" id=\\"login-2\\" name=\\"password\\" value=\\"abc\\">"`;

exports[`<Login /> should submit with valid mail and password 1`] = `"<input class=\\"input is-small is-focused\\" type=\\"email\\" required=\\"\\" id=\\"login-1\\" name=\\"mail\\" value=\\"a@b.de\\" disabled=\\"\\"><input class=\\"input is-small\\" type=\\"password\\" pattern=\\"^.*(?=.{8,})(?=.*[a-zA-Z])(?=.*\\\\d)(?=.*[!#$%&amp;? &quot;]).*$\\" required=\\"\\" id=\\"login-2\\" name=\\"password\\" value=\\"somePassword1!\\" disabled=\\"\\">"`;
